../Core/Src/main.c:49:5:main	32	static
../Core/Src/main.c:96:6:SystemClock_Config	88	static
../Core/Src/main.c:130:13:MX_GPIO_Init	40	static
../Core/Src/main.c:162:13:MX_USART2_UART_Init	8	static
../Core/Src/main.c:179:9:mapColor	24	static
../Core/Src/main.c:185:6:Convert_To_RGB	24	static
../Core/Src/main.c:192:7:DetectColor	16	static
../Core/Src/main.c:203:10:TCS3200_ReadFreq	24	static
../Core/Src/main.c:224:6:TCS3200_SetColor	16	static
../Core/Src/main.c:230:6:UART_Print	16	static
../Core/Src/main.c:235:6:Error_Handler	4	static,ignoring_inline_asm
